"1";"Massachusetts Institute of Technology (MIT)";"/universities/massachusetts-institute-technology-mit";"Cambridge";"United States";"100";"100";"100";"100";"100";"95.5";"100"
"2";"Harvard University";"/universities/harvard-university";"Cambridge";"United States";"98.7";"100";"100";"98.6";"99.9";"76";"100"
"=3";"University of Cambridge";"/universities/university-cambridge";"Cambridge";"United Kingdom";"98.6";"100";"100";"100";"96.2";"96.6";"93.7"
"=3";"Stanford University";"/universities/stanford-university";"Stanford";"United States";"98.6";"100";"100";"99.5";"97.6";"72.8";"99.9"
"5";"California Institute of Technology (Caltech)";"/universities/california-institute-technology-caltech";"Pasadena";"United States";"97.9";"99.8";"89.6";"100";"90.2";"85.2";"100"
"6";"University of Oxford";"/universities/university-oxford";"Oxford";"United Kingdom";"97.7";"100";"100";"100";"97.8";"96.6";"88.9"
"7";"UCL";"/universities/ucl";"London";"United Kingdom";"97.2";"99.9";"99.8";"98.6";"95.5";"99.9";"88"
"8";"Imperial College London";"/universities/imperial-college-london";"London";"United Kingdom";"96.1";"99.9";"100";"99.9";"100";"100";"79.6"
"9";"ETH Zurich - Swiss Federal Institute of Technology";"/universities/eth-zurich-swiss-federal-institute-technology";"ZÃ¼rich";"Switzerland";"95.5";"99.9";"99";"78.6";"100";"98";"98.8"
"10";"University of Chicago";"/universities/university-chicago";"Chicago";"United States";"94.6";"99.9";"96.3";"93.8";"73.4";"81.6";"91.5"
