"1";"Massachusetts Institute of Technology (MIT)";"/universities/massachusetts-institute-technology-mit";"Cambridge";"United States";"100";"100";"99.9";"100";"100";"100";"96.1"
"2";"Stanford University";"/universities/stanford-university";"Stanford";"United States";"98.7";"100";"99.4";"100";"100";"99.6";"72.7"
"3";"Harvard University";"/universities/harvard-university";"Cambridge";"United States";"98.4";"100";"99.9";"100";"98.3";"96.5";"75.2"
"4";"California Institute of Technology (Caltech)";"/universities/california-institute-technology-caltech";"Pasadena";"United States";"97.7";"99.5";"100";"85.4";"100";"93.4";"89.2"
"5";"University of Cambridge";"/universities/university-cambridge";"Cambridge";"United Kingdom";"95.6";"100";"78.3";"100";"100";"97.4";"97.7"
"6";"University of Oxford";"/universities/university-oxford";"Oxford";"United Kingdom";"95.3";"100";"76.3";"100";"100";"98.6";"98.5"
"7";"UCL";"/universities/ucl";"London";"United Kingdom";"94.6";"99.7";"74.7";"99.5";"99.1";"96.6";"100"
"8";"Imperial College London";"/universities/imperial-college-london";"London";"United Kingdom";"93.7";"99.4";"68.7";"100";"100";"100";"100"
"9";"University of Chicago";"/universities/university-chicago";"Chicago";"United States";"93.5";"99.9";"85.9";"92.9";"96.5";"71.9";"79.8"
"10";"ETH Zurich - Swiss Federal Institute of Technology";"/universities/eth-zurich-swiss-federal-institute-technology";"ZÃ¼rich";"Switzerland";"93.3";"99.6";"98.7";"99.4";"68.2";"100";"98.8"