"1";"Massachusetts Institute of Technology (MIT)";"/universities/massachusetts-institute-technology-mit";"Cambridge";"United States";"100";"91.9";"100";"100";"99.1";"100";"100"
"2";"Stanford University";"/universities/stanford-university";"Stanford";"United States";"98.4";"63.6";"99.7";"100";"98.1";"100";"100"
"3";"Harvard University";"/universities/harvard-university";"Cambridge";"United States";"97.9";"69.9";"85.2";"98.6";"99.1";"100";"100"
"4";"California Institute of Technology (Caltech)";"/universities/california-institute-technology-caltech";"Pasadena";"United States";"97";"88.2";"100";"100";"99.9";"97";"82.8"
"5";"University of Oxford";"/universities/university-oxford";"Oxford";"United Kingdom";"96.7";"98.3";"99.4";"100";"81.3";"100";"100"
"6";"ETH Zurich - Swiss Federal Institute of Technology";"/universities/eth-zurich-swiss-federal-institute-technology";"ZÃ¼rich";"Switzerland";"95";"97.9";"100";"80.8";"96.4";"98.7";"96.6"
"7";"University of Cambridge";"/universities/university-cambridge";"Cambridge";"United Kingdom";"94.3";"97.4";"100";"100";"69.2";"100";"100"
"8";"Imperial College London";"/universities/imperial-college-london";"London";"United Kingdom";"93.6";"100";"100";"99.9";"68.6";"98.5";"99.8"
"9";"University of Chicago";"/universities/university-chicago";"Chicago";"United States";"93.1";"82.6";"67.1";"94.4";"86.3";"99.4";"91.3"
"10";"UCL";"/universities/ucl";"London";"United Kingdom";"92.9";"100";"99.3";"98.4";"65.4";"99.4";"98.3"